#x y z
#pc pc pc
10.0 0.0 0.0
-10.0 1.12359155655e-15 -4.87136322503e-16
-7.30725633484e-16 -0.000125489173214 9.99999999921
2.43575211161e-16 0.000125489173214 -9.99999999921
