#x y z xdot ydot zdot alpha delta distance mualpha mudelta radialvelocity
#pc pc pc km/s km/s km/s deg deg pc mas/a mas/a km/s
3.94737959888 1.12462380026 10.4745365352 -1.75439093283 -0.499832800121 -4.65534957122 213.918 19.1873 11.25 -1093.0 -1999.0 -5.0
