#x y z
#pc pc pc
9.99951657954 0.0599716110574 -0.077922171743
-9.99953138486 -0.059183111593 0.0766141376789
0.0621986915515 0.0468195836233 9.99969693483
-0.0751881486183 -0.0553360249788 -9.99956420092
