#l b distance
#deg deg km
0.343624512178 -0.446465674714 3.08567758147e+14
180.339106183 0.438970967851 3.08567758147e+14
36.970322093 89.5539431342 3.08567758147e+14
216.351856095 -89.4651020376 3.08567758147e+14
