#x y z
#pc pc pc
9.99951653971 0.059971506596 -0.0779222287042
-9.9995313459 -0.0591828645333 0.0766141916281
0.0621983558133 0.0468203719749 9.99969689716
-0.0751886627808 -0.0553355591311 -9.99956416352
